<?xml version="1.0" encoding="UTF-8"?>
<testsuites name="jest tests" tests="30" failures="0" errors="0" time="6.667">
  <testsuite name="Cart" errors="0" failures="0" skipped="0" timestamp="2021-02-03T05:02:59" time="2.482" tests="4">
    <testcase classname="Cart constructor should create valid object" name="Cart constructor should create valid object" time="0.005">
    </testcase>
    <testcase classname="Cart getTotal should return 0" name="Cart getTotal should return 0" time="0.001">
    </testcase>
    <testcase classname="Cart getItem p1 should return appropriate item" name="Cart getItem p1 should return appropriate item" time="0.001">
    </testcase>
    <testcase classname="Cart getItem p2 should return appropriate item" name="Cart getItem p2 should return appropriate item" time="0.001">
    </testcase>
  </testsuite>
  <testsuite name="CartItem" errors="0" failures="0" skipped="0" timestamp="2021-02-03T05:02:59" time="2.551" tests="4">
    <testcase classname="CartItem constructor initializes with value" name="CartItem constructor initializes with value" time="0.007">
    </testcase>
    <testcase classname="CartItem updateUnitPrice valid unit price should update all relevant info" name="CartItem updateUnitPrice valid unit price should update all relevant info" time="0.004">
    </testcase>
    <testcase classname="CartItem updateDiscountedResult valid offer result should update discount total" name="CartItem updateDiscountedResult valid offer result should update discount total" time="0.004">
    </testcase>
    <testcase classname="CartItem updateDiscountedResult invalid offer result should NOT update discount " name="CartItem updateDiscountedResult invalid offer result should NOT update discount " time="0.004">
    </testcase>
  </testsuite>
  <testsuite name="QuantityOffer" errors="0" failures="0" skipped="0" timestamp="2021-02-03T05:02:59" time="2.571" tests="4">
    <testcase classname="QuantityOffer constructor should create" name="QuantityOffer constructor should create" time="0.014">
    </testcase>
    <testcase classname="QuantityOffer applyOffer p1 with 8 quantity should have quantity reduced to 7" name="QuantityOffer applyOffer p1 with 8 quantity should have quantity reduced to 7" time="0.002">
    </testcase>
    <testcase classname="QuantityOffer applyOffer p1 with 16 quantity should have quantity reduced to 14" name="QuantityOffer applyOffer p1 with 16 quantity should have quantity reduced to 14" time="0">
    </testcase>
    <testcase classname="QuantityOffer applyOffer p1 with 5 quantity should have quantity reduced to 5" name="QuantityOffer applyOffer p1 with 5 quantity should have quantity reduced to 5" time="0">
    </testcase>
  </testsuite>
  <testsuite name="ProductRepository" errors="0" failures="0" skipped="0" timestamp="2021-02-03T05:02:59" time="2.663" tests="4">
    <testcase classname="ProductRepository getAll should return 3 products" name="ProductRepository getAll should return 3 products" time="0.007">
    </testcase>
    <testcase classname="ProductRepository The ad classic should cost $269.99" name="ProductRepository The ad classic should cost $269.99" time="0.001">
    </testcase>
    <testcase classname="ProductRepository The ad standout should cost $322.99" name="ProductRepository The ad standout should cost $322.99" time="0.001">
    </testcase>
    <testcase classname="ProductRepository The ad premium should cost $394.99" name="ProductRepository The ad premium should cost $394.99" time="0.005">
    </testcase>
  </testsuite>
  <testsuite name="CustomerRepository" errors="0" failures="0" skipped="0" timestamp="2021-02-03T05:02:59" time="2.694" tests="4">
    <testcase classname="CustomerRepository getAll should return 3 products" name="CustomerRepository getAll should return 3 products" time="0.003">
    </testcase>
    <testcase classname="CustomerRepository The customer SecondBite should have 1" name="CustomerRepository The customer SecondBite should have 1" time="0.002">
    </testcase>
    <testcase classname="CustomerRepository The customer Axil Coffee Roasters should have 1" name="CustomerRepository The customer Axil Coffee Roasters should have 1" time="0.001">
    </testcase>
    <testcase classname="CustomerRepository The customer MYER should have 2" name="CustomerRepository The customer MYER should have 2" time="0.003">
    </testcase>
  </testsuite>
  <testsuite name="QuantityOffer" errors="0" failures="0" skipped="0" timestamp="2021-02-03T05:03:01" time="0.308" tests="3">
    <testcase classname="QuantityOffer constructor should create" name="QuantityOffer constructor should create" time="0.001">
    </testcase>
    <testcase classname="QuantityOffer applyOffer p1 with 80 unit price should have quantity reduced to 50" name="QuantityOffer applyOffer p1 with 80 unit price should have quantity reduced to 50" time="0.001">
    </testcase>
    <testcase classname="QuantityOffer applyOffer p2 with 90 unit price should have quantity reduced to 90" name="QuantityOffer applyOffer p2 with 90 unit price should have quantity reduced to 90" time="0">
    </testcase>
  </testsuite>
  <testsuite name="OfferBuilder" errors="0" failures="0" skipped="0" timestamp="2021-02-03T05:03:02" time="0.281" tests="2">
    <testcase classname="OfferBuilder Offer type Quantity  should create QuantityOffer object" name="OfferBuilder Offer type Quantity  should create QuantityOffer object" time="0.001">
    </testcase>
    <testcase classname="OfferBuilder Offer type Price  should create PriceOffer object" name="OfferBuilder Offer type Price  should create PriceOffer object" time="0">
    </testcase>
  </testsuite>
  <testsuite name="CartService" errors="0" failures="0" skipped="0" timestamp="2021-02-03T05:02:59" time="3.01" tests="1">
    <testcase classname="CartService checkout should apply discount and returns cart" name="CartService checkout should apply discount and returns cart" time="0.005">
    </testcase>
  </testsuite>
  <testsuite name="DiscountService" errors="0" failures="0" skipped="0" timestamp="2021-02-03T05:02:59" time="3.033" tests="4">
    <testcase classname="DiscountService applyDiscount customer Customer 1 with [ &apos;p1&apos;, &apos;p2&apos;, &apos;p1&apos;, &apos;p3&apos;, [length]: 4 ] items in cart should return valid applied discounted cart" name="DiscountService applyDiscount customer Customer 1 with [ &apos;p1&apos;, &apos;p2&apos;, &apos;p1&apos;, &apos;p3&apos;, [length]: 4 ] items in cart should return valid applied discounted cart" time="0.015">
    </testcase>
    <testcase classname="DiscountService applyDiscount customer Customer 2 with [ &apos;p1&apos;, &apos;p1&apos;, &apos;p1&apos;, &apos;p3&apos;, &apos;p1&apos;, &apos;p1&apos;, [length]: 6 ] items in cart should return valid applied discounted cart" name="DiscountService applyDiscount customer Customer 2 with [ &apos;p1&apos;, &apos;p1&apos;, &apos;p1&apos;, &apos;p3&apos;, &apos;p1&apos;, &apos;p1&apos;, [length]: 6 ] items in cart should return valid applied discounted cart" time="0.005">
    </testcase>
    <testcase classname="DiscountService applyDiscount customer Customer 2 with [ &apos;p1&apos;, &apos;p2&apos;, &apos;p1&apos;, &apos;p3&apos;, [length]: 4 ] items in cart should return valid applied discounted cart" name="DiscountService applyDiscount customer Customer 2 with [ &apos;p1&apos;, &apos;p2&apos;, &apos;p1&apos;, &apos;p3&apos;, [length]: 4 ] items in cart should return valid applied discounted cart" time="0.005">
    </testcase>
    <testcase classname="DiscountService applyDiscount customer Customer 3 with [ &apos;p1&apos;, &apos;p2&apos;, &apos;p1&apos;, &apos;p3&apos;, [length]: 4 ] items in cart should return valid applied discounted cart" name="DiscountService applyDiscount customer Customer 3 with [ &apos;p1&apos;, &apos;p2&apos;, &apos;p1&apos;, &apos;p3&apos;, [length]: 4 ] items in cart should return valid applied discounted cart" time="0.003">
    </testcase>
  </testsuite>
</testsuites>